<html>
<body>
<pre>
<h1>礦ision Build Log</h1>
<h2>Project:</h2>
F:\1研发\远程IAP在429\IAP_BootLoader_F429_V1.2\Project\MDK-ARM(uV4)\project.uvproj
Project File Date:  09/07/2015

<h2>Output:</h2>
Build target 'Flash'
linking...
Program Size: Code=10452 RO-data=460 RW-data=76 ZI-data=3084  
FromELF: creating hex file...
After Build - User command #1: CopyHex_Flash.bat
F:\1研发\远程IAP在429\IAP_BootLoader_F429_V1.2\Project\MDK-ARM(uV4)>copy Flash\Obj\output.hex ..\output(mdk).hex 
已复制         1 个文件。
".\Flash\Obj\output.axf" - 0 Error(s), 0 Warning(s).
</pre>
</body>
</html>
       printf("Again\n");
..\..\IAP\iap.c(84): warning:  #223-D: function "printf" declared implicitly
                        printf("OK\n");
..\..\IAP\iap.c(94): warning:  #223-D: function "printf" declared implicitly
                        printf("Next\n");
..\..\IAP\iap.c(125): warning:  #223-D: function "printf" declared implicitly
                printf("Error\n");
..\..\IAP\iap.c: 6 warnings, 0 errors
linking...
Program Size: Code=10452 RO-data=460 RW-data=76 ZI-data=3084  
FromELF: creating hex file...
After Build - User command #1: CopyHex_Flash.bat
F:\1研发\远程IAP在429\IAP_BootLoader_F429_V1.2\Project\MDK-ARM(uV4)>copy Flash\Obj\output.hex ..\output(mdk).hex 
已复制         1 个文件。
".\Flash\Obj\output.axf" - 0 Error(s), 6 Warning(s).
Load "F:\\1研发\\远程IAP在429\\IAP_BootLoader_F429_V1.2\\Project\\MDK-ARM(uV4)\\Flash\\Obj\\output.axf" 
Erase Done.
Programming Done.
Verify OK.
Application running ...
lication running ...
